


ARM Macro Assembler    Page 1 


    1 00000000         ; for now, do nothing
    2 00000000         
    3 00000000                 AREA             main, READONLY, CODE, ALIGN=2
    4 00000000                 THUMB
    5 00000000                 EXTERN           init_screen
    6 00000000                 EXPORT           __main
    7 00000000         
    8 00000000         __main
    9 00000000 F7FF FFFE       BL               init_screen
   10 00000004 BF30            WFI
   11 00000006 E7FE            B                __main
                       
Command Line: --debug --xref --diag_suppress=9931 --cpu=Cortex-M4.fp --apcs=int
erwork --depend=.\objects\main.d -o.\objects\main.o -I.\RTE\_Target_1 -IC:\Keil
_v5\ARM\PACK\Keil\TM4C_DFP\1.1.0\Device\Include\TM4C123 -IC:\Keil_v5\ARM\CMSIS\
Include --predefine="__EVAL SETA 1" --predefine="__UVISION_VERSION SETA 526" --
predefine="TM4C123GH6PM SETA 1" --list=.\listings\main.lst ..\main.s



ARM Macro Assembler    Page 1 Alphabetic symbol ordering
Relocatable symbols

__main 00000000

Symbol: __main
   Definitions
      At line 8 in file ..\main.s
   Uses
      At line 6 in file ..\main.s
      At line 11 in file ..\main.s

main 00000000

Symbol: main
   Definitions
      At line 3 in file ..\main.s
   Uses
      None
Comment: main unused
2 symbols



ARM Macro Assembler    Page 1 Alphabetic symbol ordering
External symbols

init_screen 00000000

Symbol: init_screen
   Definitions
      At line 5 in file ..\main.s
   Uses
      At line 9 in file ..\main.s
Comment: init_screen used once
1 symbol
337 symbols in table
